$ tsci build index.circuit.tsx --routing-disabled --disable-parts-engine --pcb-png --pcb-svgs --schematic-svgs
Building 1 file(s)...
Building index.circuit.tsx...
Generating circuit JSON...
Warning: 1 chip overlaps detected in final layout: P2 overlaps TP11 (area: 2.9200)
Circuit JSON written to dist/index/circuit.json
Component DL1 has ftype="simple_led" but reference designator should start with one of D, LED
Component DL2 has ftype="simple_led" but reference designator should start with one of D, LED
The "F" prefix is being used with a <chip />, try using it with a <fuse />
The "L" prefix is being used with a <chip />, try using it with an <inductor />
The "L" prefix is being used with a <chip />, try using it with an <inductor />
Component NT1 has ftype="simple_resistor" but reference designator should start with R
The "Q" prefix is being used with a <chip />, try using it with a <transistor />
The "Q" prefix is being used with a <chip />, try using it with a <transistor />
The "Q" prefix is being used with a <chip />, try using it with a <transistor />
The "Q" prefix is being used with a <chip />, try using it with a <transistor />
The "Q" prefix is being used with a <chip />, try using it with a <transistor />
The "TP" prefix is being used with a <chip />, try using it with a <testpoint />
The "TP" prefix is being used with a <chip />, try using it with a <testpoint />
The "TP" prefix is being used with a <chip />, try using it with a <testpoint />
The "TP" prefix is being used with a <chip />, try using it with a <testpoint />
The "TP" prefix is being used with a <chip />, try using it with a <testpoint />
The "TP" prefix is being used with a <chip />, try using it with a <testpoint />
The "TP" prefix is being used with a <chip />, try using it with a <testpoint />
The "TP" prefix is being used with a <chip />, try using it with a <testpoint />
The "TP" prefix is being used with a <chip />, try using it with a <testpoint />
The "TP" prefix is being used with a <chip />, try using it with a <testpoint />
The "TP" prefix is being used with a <chip />, try using it with a <testpoint />
The "TP" prefix is being used with a <chip />, try using it with a <testpoint />
The "TP" prefix is being used with a <chip />, try using it with a <testpoint />
The "TP" prefix is being used with a <chip />, try using it with a <testpoint />
The "TP" prefix is being used with a <chip />, try using it with a <testpoint />
The "J" prefix is being used with a <chip />, try using it with a <connector /> or <jumper />
Component JP2 has ftype="simple_resistor" but reference designator should start with R
The "J" prefix is being used with a <chip />, try using it with a <connector /> or <jumper />
The "Q" prefix is being used with a <chip />, try using it with a <transistor />
The "Q" prefix is being used with a <chip />, try using it with a <transistor />
The "Q" prefix is being used with a <chip />, try using it with a <transistor />
The "R" prefix is being used with a <chip />, try using it with a <resistor />
The "TP" prefix is being used with a <chip />, try using it with a <testpoint />
The "TP" prefix is being used with a <chip />, try using it with a <testpoint />
The "TP" prefix is being used with a <chip />, try using it with a <testpoint />
The "TP" prefix is being used with a <chip />, try using it with a <testpoint />
The "TP" prefix is being used with a <chip />, try using it with a <testpoint />
The "TP" prefix is being used with a <chip />, try using it with a <testpoint />
The "TP" prefix is being used with a <chip />, try using it with a <testpoint />
The "TP" prefix is being used with a <chip />, try using it with a <testpoint />
The "TP" prefix is being used with a <chip />, try using it with a <testpoint />
The "TP" prefix is being used with a <chip />, try using it with a <testpoint />
The "TP" prefix is being used with a <chip />, try using it with a <testpoint />
The "TP" prefix is being used with a <chip />, try using it with a <testpoint />
The "TP" prefix is being used with a <chip />, try using it with a <testpoint />
The "TP" prefix is being used with a <chip />, try using it with a <testpoint />
The "TP" prefix is being used with a <chip />, try using it with a <testpoint />
The "TP" prefix is being used with a <chip />, try using it with a <testpoint />
The "TP" prefix is being used with a <chip />, try using it with a <testpoint />
The "TP" prefix is being used with a <chip />, try using it with a <testpoint />
The "TP" prefix is being used with a <chip />, try using it with a <testpoint />
The "TP" prefix is being used with a <chip />, try using it with a <testpoint />
Component Z57 has ftype="simple_capacitor" but reference designator should start with C
Component Z58 has ftype="simple_capacitor" but reference designator should start with C
Component CP1 has ftype="simple_capacitor" but reference designator should start with C
Component CP2 has ftype="simple_capacitor" but reference designator should start with C
Component CP3 has ftype="simple_capacitor" but reference designator should start with C
The "Q" prefix is being used with a <chip />, try using it with a <transistor />
The "S" prefix is being used with a <chip />, try using it with a <switch /> or <pushbutton />
The "TP" prefix is being used with a <chip />, try using it with a <testpoint />
The "TP" prefix is being used with a <chip />, try using it with a <testpoint />
The "TP" prefix is being used with a <chip />, try using it with a <testpoint />
The "TP" prefix is being used with a <chip />, try using it with a <testpoint />
component is facing x- but should face y+ so the connector is accessible from the board edge
component is facing x+ but should face y+ so the connector is accessible from the board edge
P1 has no courtyard
U1 has no courtyard
P4 has no courtyard
BT1 has no pin with requires_power=true
F1 has no pin with requires_power=true
L1 has no pin with requires_power=true
L2 has no pin with requires_power=true
PTC1 has no pin with requires_power=true
Q1 has no pin with requires_power=true
Q3 has no pin with requires_power=true
Q5 has no pin with requires_power=true
Q9 has no pin with requires_power=true
Q10 has no pin with requires_power=true
U4 has no pin with requires_power=true
U8 has no pin with requires_power=true
U11 has no pin with requires_power=true
U14 has no pin with requires_power=true
U18 has no pin with requires_power=true
P1 has no pin with requires_power=true
U1 has no pin with requires_power=true
EM1 has no pin with requires_power=true
EM2 has no pin with requires_power=true
EM3 has no pin with requires_power=true
EM7 has no pin with requires_power=true
JP1 has no pin with requires_power=true
JP3 has no pin with requires_power=true
P4 has no pin with requires_power=true
Q2 has no pin with requires_power=true
Q7 has no pin with requires_power=true
Q8 has no pin with requires_power=true
RA1 has no pin with requires_power=true
U12 has no pin with requires_power=true
P2 has no pin with requires_power=true
VR1 has no pin with requires_power=true
P3 has no pin with requires_power=true
Q6 has no pin with requires_power=true
SP1 has no pin with requires_power=true
U7 has no pin with requires_power=true
VR2 has no pin with requires_power=true
BT1 has no pin with requires_ground=true
F1 has no pin with requires_ground=true
L1 has no pin with requires_ground=true
L2 has no pin with requires_ground=true
PTC1 has no pin with requires_ground=true
Q1 has no pin with requires_ground=true
Q3 has no pin with requires_ground=true
Q5 has no pin with requires_ground=true
Q9 has no pin with requires_ground=true
Q10 has no pin with requires_ground=true
U11 has no pin with requires_ground=true
U18 has no pin with requires_ground=true
P1 has no pin with requires_ground=true
U1 has no pin with requires_ground=true
EM1 has no pin with requires_ground=true
EM2 has no pin with requires_ground=true
EM3 has no pin with requires_ground=true
EM7 has no pin with requires_ground=true
JP1 has no pin with requires_ground=true
JP3 has no pin with requires_ground=true
P4 has no pin with requires_ground=true
Q2 has no pin with requires_ground=true
Q7 has no pin with requires_ground=true
Q8 has no pin with requires_ground=true
RA1 has no pin with requires_ground=true
U12 has no pin with requires_ground=true
P2 has no pin with requires_ground=true
VR1 has no pin with requires_ground=true
P3 has no pin with requires_ground=true
Q6 has no pin with requires_ground=true
SP1 has no pin with requires_ground=true
U7 has no pin with requires_ground=true
VR2 has no pin with requires_ground=true
No footprint specified for component: <chip#280(.processor>.P1) />
No footprint specified for component: <chip#317(.processor>.U1) />
No footprint specified for component: <chip#615(.controls>.P4) />
VR2.pin6 is ambiguous: VR2.pin6 references multiple non-overlapping pads: <smtpad#5210(.pin6) />, <smtpad#5211(.pin6) /> (consider using alternate aliases: EH1, EH, 6, MOUNT_SMT)
VR2.pin7 is ambiguous: VR2.pin7 references multiple non-overlapping pads: <platedhole#5203(.pin7) />, <platedhole#5204(.pin7) /> (consider using alternate aliases: EH2, EH, 7, MOUNT_THT)
Generating preview images...
[index] Generating PCB SVG...
[index] Written pcb.svg
[index] Generating PCB PNG...
[index] Written pcb.png
[index] Generating schematic SVG...
[index] Written schematic.svg

Build complete
  Circuits  1 passed
  Options   pcb-png, pcb-svgs, schematic-svgs
  Output    dist

⚠ Build completed with errors
Build exiting with code 0: build finished successfully
