Incrementing Package Version 1.0.1 -> 1.0.2
⬆︎ BLOCKERS.md
⬆︎ JLCPCB-BLOCKERS.md
⬆︎ LICENSE.md
⬆︎ README.md
⬆︎ bun.lock
⬆︎ docs/DATASHEET-AUDIT.md
⬆︎ docs/PIN-MAPPING.md
⬆︎ imports/ACM2520_801_3P_T002.tsx
⬆︎ imports/A_0466002_NRHF.tsx
⬆︎ imports/A_0603WAF0000T5E.tsx
⬆︎ imports/A_0603WAF1001T5E.tsx
⬆︎ imports/A_0603WAF1003T5E.tsx
⬆︎ imports/A_0603WAF1504T5E.tsx
⬆︎ imports/A_0603WAF150JT5E.tsx
⬆︎ imports/A_0603WAF1802T5E.tsx
⬆︎ imports/A_0603WAF2002T5E.tsx
⬆︎ imports/A_0603WAF2003T5E.tsx
⬆︎ imports/A_0603WAF2201T5E.tsx
⬆︎ imports/A_0603WAF2700T5E.tsx
⬆︎ imports/A_0603WAF3301T5E.tsx
⬆︎ imports/A_0603WAF3302T5E.tsx
⬆︎ imports/A_0603WAF470JT5E.tsx
⬆︎ imports/A_0603WAF5101T5E.tsx
⬆︎ imports/A_0603WAF5103T5E.tsx
⬆︎ imports/A_0603WAF7501T5E.tsx
⬆︎ imports/A_0603WAF8203T5E.tsx
⬆︎ imports/A_0603WAF9102T5E.tsx
⬆︎ imports/A_0805L075SLYR.tsx
⬆︎ imports/A_150060RS75000.tsx
⬆︎ imports/A_150060VS75000.tsx
⬆︎ imports/A_1825027_5.tsx
⬆︎ imports/A_1SS355VMTE_17.tsx
⬆︎ imports/A_2N7002LT1G.tsx
⬆︎ imports/A_49SSMD_4_194304_20_10_10_B.tsx
⬆︎ imports/A_5015.tsx
⬆︎ imports/A_62684_402100ALF.tsx
⬆︎ imports/B2B_PH_K_S_LF__SN_.tsx
⬆︎ imports/CL10A106KO8NQNC.tsx
⬆︎ imports/CL10B103KB8NNNC.tsx
⬆︎ imports/CL10B104KB8NNNC.tsx
⬆︎ imports/CL10B105KA8NNNC.tsx
⬆︎ imports/CL10C101JB8NNNC.tsx
⬆︎ imports/CL10C102JB8NNNC.tsx
⬆︎ imports/CL10C270JB8NNNC.tsx
⬆︎ imports/CL10C330JB8NNNC.tsx
⬆︎ imports/CL10C331JB8NNNC.tsx
⬆︎ imports/CL10C332JB8NNNC.tsx
⬆︎ imports/CL10C681JB8NNNC.tsx
⬆︎ imports/CL21A226KOQNNNE.tsx
⬆︎ imports/CL32A107MQVNNNE.tsx
⬆︎ imports/CSS_1210TB.tsx
⬆︎ imports/CY62146EV30LL_45ZSXI.tsx
⬆︎ imports/DFE252012P_R47M_P2.tsx
⬆︎ imports/FCC0603N470J500CT.tsx
⬆︎ imports/LM4853MM_NOPB.tsx
⬆︎ imports/MH1608_601Y.tsx
⬆︎ imports/MIC1557YM5_TR.tsx
⬆︎ imports/MMBT3904LT1G.tsx
⬆︎ imports/MMBT3906LT1G.tsx
⬆︎ imports/NDC7002N.tsx
⬆︎ imports/PZ254V_11_02P.tsx
⬆︎ imports/RC0603FR_0710KL.tsx
⬆︎ imports/RC_ML08W331JT.tsx
⬆︎ imports/RK10J12R0A0B.tsx
⬆︎ imports/SJ_3524_SMT_TR.tsx
⬆︎ imports/SKRRABE010.tsx
⬆︎ imports/SN74HC02PWR.tsx
⬆︎ imports/SN74LVC1G332DBVR.tsx
⬆︎ imports/SN74LVC2G34DBVR.tsx
⬆︎ imports/TC33X_2_503E.tsx
⬆︎ imports/TLV9064IPWR.tsx
⬆︎ imports/TPS22917DBVR.tsx
⬆︎ imports/TPS3840DL20DBVR.tsx
⬆︎ imports/TPS63802DLAR.tsx
⬆︎ imports/TPS74525PQWDRVRQ1.tsx
⬆︎ index.circuit.tsx
⬆︎ lib/functional-section.tsx
⬆︎ lib/generated/catalog-orientations.json
⬆︎ lib/generated/passive-catalog.json
⬆︎ lib/generated/reference.json
⬆︎ lib/parts.tsx
⬆︎ lib/passive-parts.tsx
⬆︎ lib/pin-mapping.ts
⬆︎ lib/placement.ts
⬆︎ lib/power-switch-symbol.tsx
⬆︎ lib/reference.ts
⬆︎ lib/routing.tsx
⬆︎ package.json
⬆︎ reports/current-status.json
⬆︎ reports/reference-connectivity.csv
⬆︎ reports/release-check.log
⬆︎ scripts/audit-reference.mjs
⬆︎ scripts/check-release.mjs
⬆︎ scripts/compare-orientations.mjs
⬆︎ scripts/export-previews.mjs
⬆︎ scripts/extract-reference.py
⬆︎ scripts/generate-passive-parts.py
⬆︎ scripts/publish-registry.py
⬆︎ tscircuit.config.json
⬆︎ tsconfig.json


Upload Summary
  Succeeded: 100 files


"@tsci/AnasSarkiz.Game-Boy-Enhance@1.0.2" published!
https://tscircuit.com/AnasSarkiz/Game-Boy-Enhance
